Savedirectory: C:/xampp8.2.4/htdocs/netzoneEscapeThemephp80\uploads, newImageNewName: aerial-view-1149621_1920-05fge
Return path: /uploads/aerial-view-1149621_1920-05fge.jpg
Savedirectory: C:/xampp8.2.4/htdocs/netzoneEscapeThemephp80\uploads, newImageNewName: alberto-restifo-4510-unsplash-2o503
Return path: /uploads/alberto-restifo-4510-unsplash-2o503.jpg
Savedirectory: C:/xampp8.2.4/htdocs/netzoneEscapeThemephp80\uploads, newImageNewName: giorgio-parravicini-xt6LgdSWmTo-unsplash-p7mf2
Return path: /uploads/giorgio-parravicini-xt6LgdSWmTo-unsplash-p7mf2.jpg
Savedirectory: C:/xampp8.2.4/htdocs/netzoneEscapeThemephp80\uploads, newImageNewName: casey-horner-DXu4o-QI1VY-unsplash-6hctf
Return path: /uploads/casey-horner-DXu4o-QI1VY-unsplash-6hctf.jpg
Failed to write image to C:/xampp8.2.4/htdocs/netzoneEscapeThemephp80\uploads/aaron-birch-F3QjkbFduPQ-unsplash-g9b4y.jpg
Savedirectory: C:/xampp8.2.4/htdocs/netzoneEscapeThemephp80\uploads, newImageNewName: aaron-birch-F3QjkbFduPQ-unsplash-g9b4y
Return path: /uploads/aaron-birch-F3QjkbFduPQ-unsplash-g9b4y.jpg
Failed to write image to C:/xampp8.2.4/htdocs/netzoneEscapeThemephp80\uploads/alberto-restifo-4510-unsplash-mqbml.jpg
Savedirectory: C:/xampp8.2.4/htdocs/netzoneEscapeThemephp80\uploads, newImageNewName: alberto-restifo-4510-unsplash-mqbml
Return path: /uploads/alberto-restifo-4510-unsplash-mqbml.jpg
Failed to write image to C:/xampp8.2.4/htdocs/netzoneEscapeThemephp80\uploads/austin-neill-0A_b9G-Rm6w-unsplash-b4c5v.jpg
Savedirectory: C:/xampp8.2.4/htdocs/netzoneEscapeThemephp80\uploads, newImageNewName: austin-neill-0A_b9G-Rm6w-unsplash-b4c5v
Return path: /uploads/austin-neill-0A_b9G-Rm6w-unsplash-b4c5v.jpg
Failed to write image to C:/xampp8.2.4/htdocs/netzoneEscapeThemephp80\uploads/pexels-pixabay-97082-gndzp.jpg
Savedirectory: C:/xampp8.2.4/htdocs/netzoneEscapeThemephp80\uploads, newImageNewName: pexels-pixabay-97082-gndzp
Return path: /uploads/pexels-pixabay-97082-gndzp.jpg
Failed to write image to C:/xampp8.2.4/htdocs/netzoneEscapeThemephp80\uploads/jesse-gardner-4esAX0n8dOA-unsplash-nb8xx.jpg
Savedirectory: C:/xampp8.2.4/htdocs/netzoneEscapeThemephp80\uploads, newImageNewName: jesse-gardner-4esAX0n8dOA-unsplash-nb8xx
Return path: /uploads/jesse-gardner-4esAX0n8dOA-unsplash-nb8xx.jpg
Failed to write image to C:/xampp8.2.4/htdocs/netzoneEscapeThemephp80\uploads/jesse-gardner-4esAX0n8dOA-unsplash-uiikv.jpg
Savedirectory: C:/xampp8.2.4/htdocs/netzoneEscapeThemephp80\uploads, newImageNewName: jesse-gardner-4esAX0n8dOA-unsplash-uiikv
Return path: /uploads/jesse-gardner-4esAX0n8dOA-unsplash-uiikv.jpg
Failed to write image to C:/xampp8.2.4/htdocs/netzoneEscapeThemephp80\uploads/pexels-pixabay-97082-qdru5.jpg
Savedirectory: C:/xampp8.2.4/htdocs/netzoneEscapeThemephp80\uploads, newImageNewName: pexels-pixabay-97082-qdru5
Return path: /uploads/pexels-pixabay-97082-qdru5.jpg
Failed to write image to C:/xampp8.2.4/htdocs/netzoneEscapeThemephp80\uploads/free-logo-3-ilyxx.jpg
Savedirectory: C:/xampp8.2.4/htdocs/netzoneEscapeThemephp80\uploads, newImageNewName: free-logo-3-ilyxx
Return path: /uploads/free-logo-3-ilyxx.jpg
Failed to write image to C:/xampp8.2.4/htdocs/netzoneEscapeThemephp80\uploads/free-eagle-logo-1f8cr.jpg
Savedirectory: C:/xampp8.2.4/htdocs/netzoneEscapeThemephp80\uploads, newImageNewName: free-eagle-logo-1f8cr
Return path: /uploads/free-eagle-logo-1f8cr.jpg
Failed to write image to C:/xampp8.2.4/htdocs/netzoneEscapeThemephp80\uploads/eagle-head-logo-ysox1.jpg
Savedirectory: C:/xampp8.2.4/htdocs/netzoneEscapeThemephp80\uploads, newImageNewName: eagle-head-logo-ysox1
Return path: /uploads/eagle-head-logo-ysox1.jpg
Failed to write image to C:/xampp8.2.4/htdocs/netzoneEscapeThemephp80\uploads/chi-m-R1uiDu8vBh0-unsplash-4sxvi.jpg
Savedirectory: C:/xampp8.2.4/htdocs/netzoneEscapeThemephp80\uploads, newImageNewName: chi-m-R1uiDu8vBh0-unsplash-4sxvi
Return path: /uploads/chi-m-R1uiDu8vBh0-unsplash-4sxvi.jpg
Failed to write image to C:/xampp8.2.4/htdocs/netzoneEscapeThemephp80\uploads/pexels-pixabay-97082-vulf5.jpg
Savedirectory: C:/xampp8.2.4/htdocs/netzoneEscapeThemephp80\uploads, newImageNewName: pexels-pixabay-97082-vulf5
Return path: /uploads/pexels-pixabay-97082-vulf5.jpg
Failed to write image to C:/xampp8.2.4/htdocs/netzoneEscapeThemephp80\uploads/pexels-pixabay-97082-8qum9.jpg
Savedirectory: C:/xampp8.2.4/htdocs/netzoneEscapeThemephp80\uploads, newImageNewName: pexels-pixabay-97082-8qum9
Return path: /uploads/pexels-pixabay-97082-8qum9.jpg
Failed to write image to C:/xampp8.2.4/htdocs/netzoneEscapeThemephp80\uploads/jakob-dalbjorn-cuKJre3nyYc-unsplash-0exhd.jpg
Savedirectory: C:/xampp8.2.4/htdocs/netzoneEscapeThemephp80\uploads, newImageNewName: jakob-dalbjorn-cuKJre3nyYc-unsplash-0exhd
Return path: /uploads/jakob-dalbjorn-cuKJre3nyYc-unsplash-0exhd.jpg
Failed to write image to C:/xampp8.2.4/htdocs/netzoneEscapeThemephp80\uploads/pexels-stanislav-kondratiev-4233783-i65oi.jpg
Savedirectory: C:/xampp8.2.4/htdocs/netzoneEscapeThemephp80\uploads, newImageNewName: pexels-stanislav-kondratiev-4233783-i65oi
Return path: /uploads/pexels-stanislav-kondratiev-4233783-i65oi.jpg
Failed to write image to C:/xampp8.2.4/htdocs/netzoneEscapeThemephp80\uploads/joe-leahy-1BxU49iFD5o-unsplash-9ocoj.jpg
Savedirectory: C:/xampp8.2.4/htdocs/netzoneEscapeThemephp80\uploads, newImageNewName: joe-leahy-1BxU49iFD5o-unsplash-9ocoj
Return path: /uploads/joe-leahy-1BxU49iFD5o-unsplash-9ocoj.jpg
Failed to write image to C:/xampp8.2.4/htdocs/netzoneEscapeThemephp80\uploads/ball-petanque-3buzy.jpg
Savedirectory: C:/xampp8.2.4/htdocs/netzoneEscapeThemephp80\uploads, newImageNewName: ball-petanque-3buzy
Return path: /uploads/ball-petanque-3buzy.jpg
Failed to write image to C:/xampp8.2.4/htdocs/netzoneEscapeThemephp80\uploads/chess-r3we1.jpg
Savedirectory: C:/xampp8.2.4/htdocs/netzoneEscapeThemephp80\uploads, newImageNewName: chess-r3we1
Return path: /uploads/chess-r3we1.jpg
Failed to write image to C:/xampp8.2.4/htdocs/netzoneEscapeThemephp80\uploads/clothes-line-p34vk.jpg
Savedirectory: C:/xampp8.2.4/htdocs/netzoneEscapeThemephp80\uploads, newImageNewName: clothes-line-p34vk
Return path: /uploads/clothes-line-p34vk.jpg
Failed to write image to C:/xampp8.2.4/htdocs/netzoneEscapeThemephp80\uploads/pexels-pixabay-97082-403h1.webp
Savedirectory: C:/xampp8.2.4/htdocs/netzoneEscapeThemephp80\uploads, newImageNewName: pexels-pixabay-97082-403h1
Return path: /uploads/pexels-pixabay-97082-403h1.webp
Failed to write image to C:/xampp8.2.4/htdocs/netzoneEscapeThemephp80\uploads/pexels-sovit-chetri-3853623-b6hoo.webp
Savedirectory: C:/xampp8.2.4/htdocs/netzoneEscapeThemephp80\uploads, newImageNewName: pexels-sovit-chetri-3853623-b6hoo
Return path: /uploads/pexels-sovit-chetri-3853623-b6hoo.webp
Failed to write image to C:/xampp8.2.4/htdocs/netzoneEscapeThemephp80\uploads/pexels-stanislav-kondratiev-4233783-r1h23.webp
Savedirectory: C:/xampp8.2.4/htdocs/netzoneEscapeThemephp80\uploads, newImageNewName: pexels-stanislav-kondratiev-4233783-r1h23
Return path: /uploads/pexels-stanislav-kondratiev-4233783-r1h23.webp
Failed to write image to C:/xampp8.2.4/htdocs/netzoneEscapeThemephp80\uploads/ball-petanque-h3q6e.webp
Savedirectory: C:/xampp8.2.4/htdocs/netzoneEscapeThemephp80\uploads, newImageNewName: ball-petanque-h3q6e
Return path: /uploads/ball-petanque-h3q6e.webp
Failed to write image to C:/xampp8.2.4/htdocs/netzoneEscapeThemephp80\uploads/ball-petanque-5vahe.webp
Savedirectory: C:/xampp8.2.4/htdocs/netzoneEscapeThemephp80\uploads, newImageNewName: ball-petanque-5vahe
Return path: /uploads/ball-petanque-5vahe.webp
Failed to write image to C:/xampp8.2.4/htdocs/netzoneEscapeThemephp80\uploads/fork-and-knife-9lue8.webp
Savedirectory: C:/xampp8.2.4/htdocs/netzoneEscapeThemephp80\uploads, newImageNewName: fork-and-knife-9lue8
Return path: /uploads/fork-and-knife-9lue8.webp
Failed to write image to C:/xampp8.2.4/htdocs/netzoneEscapeThemephp80\uploads/chi-m-R1uiDu8vBh0-unsplash-4jrqd.webp
Savedirectory: C:/xampp8.2.4/htdocs/netzoneEscapeThemephp80\uploads, newImageNewName: chi-m-R1uiDu8vBh0-unsplash-4jrqd
Return path: /uploads/chi-m-R1uiDu8vBh0-unsplash-4jrqd.webp
Failed to write image to C:/xampp8.2.4/htdocs/netzoneEscapeThemephp80\uploads/pexels-pixabay-97082-lmisa.webp
Savedirectory: C:/xampp8.2.4/htdocs/netzoneEscapeThemephp80\uploads, newImageNewName: pexels-pixabay-97082-lmisa
Return path: /uploads/pexels-pixabay-97082-lmisa.webp
Failed to write image to C:/xampp8.2.4/htdocs/netzoneEscapeThemephp80\uploads/chi-m-R1uiDu8vBh0-unsplash-ia05h.webp
Savedirectory: C:/xampp8.2.4/htdocs/netzoneEscapeThemephp80\uploads, newImageNewName: chi-m-R1uiDu8vBh0-unsplash-ia05h
Return path: /uploads/chi-m-R1uiDu8vBh0-unsplash-ia05h.webp
Failed to write image to C:/xampp8.2.4/htdocs/netzoneEscapeThemephp80\uploads/chi-m-R1uiDu8vBh0-unsplash-7dx0l.webp
Savedirectory: C:/xampp8.2.4/htdocs/netzoneEscapeThemephp80\uploads, newImageNewName: chi-m-R1uiDu8vBh0-unsplash-7dx0l
Return path: /uploads/chi-m-R1uiDu8vBh0-unsplash-7dx0l.webp
Failed to write image to C:/xampp8.2.4/htdocs/netzoneEscapeThemephp80\uploads/evan-dvorkin-YWDVrk4C6F0-unsplash-yotcy.webp
Savedirectory: C:/xampp8.2.4/htdocs/netzoneEscapeThemephp80\uploads, newImageNewName: evan-dvorkin-YWDVrk4C6F0-unsplash-yotcy
Return path: /uploads/evan-dvorkin-YWDVrk4C6F0-unsplash-yotcy.webp
Failed to write image to C:/xampp8.2.4/htdocs/netzoneEscapeThemephp80\uploads/evan-dvorkin-YWDVrk4C6F0-unsplash-im2kq.webp
Savedirectory: C:/xampp8.2.4/htdocs/netzoneEscapeThemephp80\uploads, newImageNewName: evan-dvorkin-YWDVrk4C6F0-unsplash-im2kq
Return path: /uploads/evan-dvorkin-YWDVrk4C6F0-unsplash-im2kq.webp
Failed to write image to C:/xampp8.2.4/htdocs/netzoneEscapeThemephp80\uploads/jean-carlo-emer-v0BeWfENFaQ-unsplash-1olap.webp
Savedirectory: C:/xampp8.2.4/htdocs/netzoneEscapeThemephp80\uploads, newImageNewName: jean-carlo-emer-v0BeWfENFaQ-unsplash-1olap
Return path: /uploads/jean-carlo-emer-v0BeWfENFaQ-unsplash-1olap.webp
Failed to write image to C:/xampp8.2.4/htdocs/netzoneEscapeThemephp80\uploads/kenny-timmer-vSO5TlG0sWc-unsplash-agxla.webp
Savedirectory: C:/xampp8.2.4/htdocs/netzoneEscapeThemephp80\uploads, newImageNewName: kenny-timmer-vSO5TlG0sWc-unsplash-agxla
Return path: /uploads/kenny-timmer-vSO5TlG0sWc-unsplash-agxla.webp
Failed to write image to C:/xampp8.2.4/htdocs/netzoneEscapeThemephp80\uploads/jean-carlo-emer-v0BeWfENFaQ-unsplash-6usmt.webp
Savedirectory: C:/xampp8.2.4/htdocs/netzoneEscapeThemephp80\uploads, newImageNewName: jean-carlo-emer-v0BeWfENFaQ-unsplash-6usmt
Return path: /uploads/jean-carlo-emer-v0BeWfENFaQ-unsplash-6usmt.webp
Failed to write image to C:/xampp8.2.4/htdocs/netzoneEscapeThemephp80\uploads/kenny-timmer-vSO5TlG0sWc-unsplash-bcxdv.webp
Savedirectory: C:/xampp8.2.4/htdocs/netzoneEscapeThemephp80\uploads, newImageNewName: kenny-timmer-vSO5TlG0sWc-unsplash-bcxdv
Return path: /uploads/kenny-timmer-vSO5TlG0sWc-unsplash-bcxdv.webp
Failed to write image to C:/xampp8.2.4/htdocs/netzoneEscapeThemephp80\uploads/chi-m-R1uiDu8vBh0-unsplash-1e1n4.webp
Savedirectory: C:/xampp8.2.4/htdocs/netzoneEscapeThemephp80\uploads, newImageNewName: chi-m-R1uiDu8vBh0-unsplash-1e1n4
Return path: /uploads/chi-m-R1uiDu8vBh0-unsplash-1e1n4.webp
Failed to write image to C:/xampp8.2.4/htdocs/netzoneEscapeThemephp80\uploads/chi-m-R1uiDu8vBh0-unsplash-ldjb2.webp
Savedirectory: C:/xampp8.2.4/htdocs/netzoneEscapeThemephp80\uploads, newImageNewName: chi-m-R1uiDu8vBh0-unsplash-ldjb2
Return path: /uploads/chi-m-R1uiDu8vBh0-unsplash-ldjb2.webp
Failed to write image to C:/xampp8.2.4/htdocs/netzoneEscapeThemephp80\uploads/pexels-sovit-chetri-3853623-u7cmx.webp
Savedirectory: C:/xampp8.2.4/htdocs/netzoneEscapeThemephp80\uploads, newImageNewName: pexels-sovit-chetri-3853623-u7cmx
Return path: /uploads/pexels-sovit-chetri-3853623-u7cmx.webp
Failed to write image to C:/xampp8.2.4/htdocs/netzoneEscapeThemephp80\uploads/pexels-pixabay-97082-s8l9b.webp
Savedirectory: C:/xampp8.2.4/htdocs/netzoneEscapeThemephp80\uploads, newImageNewName: pexels-pixabay-97082-s8l9b
Return path: /uploads/pexels-pixabay-97082-s8l9b.webp
Failed to write image to C:/xampp8.2.4/htdocs/netzoneEscapeThemephp80\uploads/pexels-stanislav-kondratiev-4233783-drxrg.webp
Savedirectory: C:/xampp8.2.4/htdocs/netzoneEscapeThemephp80\uploads, newImageNewName: pexels-stanislav-kondratiev-4233783-drxrg
Return path: /uploads/pexels-stanislav-kondratiev-4233783-drxrg.webp
Failed to write image to C:/xampp8.2.4/htdocs/netzoneEscapeThemephp80\uploads/chi-m-R1uiDu8vBh0-unsplash-j8tp7.webp
Savedirectory: C:/xampp8.2.4/htdocs/netzoneEscapeThemephp80\uploads, newImageNewName: chi-m-R1uiDu8vBh0-unsplash-j8tp7
Return path: /uploads/chi-m-R1uiDu8vBh0-unsplash-j8tp7.webp
Failed to write image to C:/xampp8.2.4/htdocs/netzoneEscapeThemephp80\uploads/pexels-pixabay-97082-ifk9w.webp
Savedirectory: C:/xampp8.2.4/htdocs/netzoneEscapeThemephp80\uploads, newImageNewName: pexels-pixabay-97082-ifk9w
Return path: /uploads/pexels-pixabay-97082-ifk9w.webp
Failed to write image to C:/xampp8.2.4/htdocs/netzoneEscapeThemephp80\uploads/chi-m-R1uiDu8vBh0-unsplash-p81fp.webp
Savedirectory: C:/xampp8.2.4/htdocs/netzoneEscapeThemephp80\uploads, newImageNewName: chi-m-R1uiDu8vBh0-unsplash-p81fp
Return path: /uploads/chi-m-R1uiDu8vBh0-unsplash-p81fp.webp
Failed to write image to C:/xampp8.2.4/htdocs/netzoneEscapeThemephp80\uploads/chi-m-R1uiDu8vBh0-unsplash-5mx6p.webp
Savedirectory: C:/xampp8.2.4/htdocs/netzoneEscapeThemephp80\uploads, newImageNewName: chi-m-R1uiDu8vBh0-unsplash-5mx6p
Return path: /uploads/chi-m-R1uiDu8vBh0-unsplash-5mx6p.webp
Failed to write image to C:/xampp8.2.4/htdocs/netzoneEscapeThemephp80\uploads/chi-m-R1uiDu8vBh0-unsplash-j93ji.webp
Savedirectory: C:/xampp8.2.4/htdocs/netzoneEscapeThemephp80\uploads, newImageNewName: chi-m-R1uiDu8vBh0-unsplash-j93ji
Return path: /uploads/chi-m-R1uiDu8vBh0-unsplash-j93ji.webp
Failed to write image to C:/xampp8.2.4/htdocs/netzoneEscapeThemephp80\uploads/chi-m-R1uiDu8vBh0-unsplash-dh5ea.webp
Savedirectory: C:/xampp8.2.4/htdocs/netzoneEscapeThemephp80\uploads, newImageNewName: chi-m-R1uiDu8vBh0-unsplash-dh5ea
Return path: /uploads/chi-m-R1uiDu8vBh0-unsplash-dh5ea.webp
Failed to write image to C:/xampp8.2.4/htdocs/netzoneEscapeThemephp80\uploads/chi-m-R1uiDu8vBh0-unsplash-kluli.webp
Savedirectory: C:/xampp8.2.4/htdocs/netzoneEscapeThemephp80\uploads, newImageNewName: chi-m-R1uiDu8vBh0-unsplash-kluli
Return path: /uploads/chi-m-R1uiDu8vBh0-unsplash-kluli.webp
Failed to write image to C:/xampp8.2.4/htdocs/netzoneEscapeThemephp80\uploads/evan-dvorkin-YWDVrk4C6F0-unsplash-s9nhm.webp
Savedirectory: C:/xampp8.2.4/htdocs/netzoneEscapeThemephp80\uploads, newImageNewName: evan-dvorkin-YWDVrk4C6F0-unsplash-s9nhm
Return path: /uploads/evan-dvorkin-YWDVrk4C6F0-unsplash-s9nhm.webp
Failed to write image to C:/xampp8.2.4/htdocs/netzoneEscapeThemephp80\uploads/martins-zemlickis-NPFu4GfFZ7E-unsplash-qbld8.webp
Savedirectory: C:/xampp8.2.4/htdocs/netzoneEscapeThemephp80\uploads, newImageNewName: martins-zemlickis-NPFu4GfFZ7E-unsplash-qbld8
Return path: /uploads/martins-zemlickis-NPFu4GfFZ7E-unsplash-qbld8.webp
Failed to write image to C:/xampp8.2.4/htdocs/netzoneEscapeThemephp80\uploads/marcela-laskoski-YrtFlrLo2DQ-unsplash-35a0p.webp
Savedirectory: C:/xampp8.2.4/htdocs/netzoneEscapeThemephp80\uploads, newImageNewName: marcela-laskoski-YrtFlrLo2DQ-unsplash-35a0p
Return path: /uploads/marcela-laskoski-YrtFlrLo2DQ-unsplash-35a0p.webp
Failed to write image to C:/xampp8.2.4/htdocs/netzoneEscapeThemephp80\uploads/daniel-chen-AAvx9hyCuvQ-unsplash-7fs5g.webp
Savedirectory: C:/xampp8.2.4/htdocs/netzoneEscapeThemephp80\uploads, newImageNewName: daniel-chen-AAvx9hyCuvQ-unsplash-7fs5g
Return path: /uploads/daniel-chen-AAvx9hyCuvQ-unsplash-7fs5g.webp
Failed to write image to C:/xampp8.2.4/htdocs/netzoneEscapeThemephp80\uploads/jesse-gardner-4esAX0n8dOA-unsplash-act00.webp
Savedirectory: C:/xampp8.2.4/htdocs/netzoneEscapeThemephp80\uploads, newImageNewName: jesse-gardner-4esAX0n8dOA-unsplash-act00
Return path: /uploads/jesse-gardner-4esAX0n8dOA-unsplash-act00.webp
Failed to write image to C:/xampp8.2.4/htdocs/netzoneEscapeThemephp80\uploads/austin-neill-0A_b9G-Rm6w-unsplash-q9bgb.webp
Savedirectory: C:/xampp8.2.4/htdocs/netzoneEscapeThemephp80\uploads, newImageNewName: austin-neill-0A_b9G-Rm6w-unsplash-q9bgb
Return path: /uploads/austin-neill-0A_b9G-Rm6w-unsplash-q9bgb.webp
Failed to write image to C:/xampp8.2.4/htdocs/netzoneEscapeThemephp80\uploads/lode-lagrainge-oAYs_Jr1RnQ-unsplash-0c8qe.webp
Savedirectory: C:/xampp8.2.4/htdocs/netzoneEscapeThemephp80\uploads, newImageNewName: lode-lagrainge-oAYs_Jr1RnQ-unsplash-0c8qe
Return path: /uploads/lode-lagrainge-oAYs_Jr1RnQ-unsplash-0c8qe.webp
Failed to write image to C:/xampp8.2.4/htdocs/netzoneEscapeThemephp80\uploads/casey-horner-DXu4o-QI1VY-unsplash-rv3n1.webp
Savedirectory: C:/xampp8.2.4/htdocs/netzoneEscapeThemephp80\uploads, newImageNewName: casey-horner-DXu4o-QI1VY-unsplash-rv3n1
Return path: /uploads/casey-horner-DXu4o-QI1VY-unsplash-rv3n1.webp
Failed to write image to C:/xampp8.2.4/htdocs/netzoneEscapeThemephp80\uploads/pexels-stanislav-kondratiev-4233783-6m1v6.webp
Savedirectory: C:/xampp8.2.4/htdocs/netzoneEscapeThemephp80\uploads, newImageNewName: pexels-stanislav-kondratiev-4233783-6m1v6
Return path: /uploads/pexels-stanislav-kondratiev-4233783-6m1v6.webp
Savedirectory: D:/Xampp8.2.4/htdocs/netzoneInspireThemephp80\uploads, newImageNewName: Activity-Fishing-bas3u
Return path: /uploads/Activity-Fishing-bas3u.webp
Savedirectory: D:/Xampp8.2.4/htdocs/netzoneInspireThemephp80\uploads, newImageNewName: Activity-Fishing-awsxm
Return path: /uploads/Activity-Fishing-awsxm.webp
Savedirectory: D:/Xampp8.2.4/htdocs/netzoneInspireThemephp80\uploads, newImageNewName: 20211212_170401-rh8ju
Return path: /uploads/20211212_170401-rh8ju.webp
Savedirectory: D:/Xampp8.2.4/htdocs/netzoneInspireThemephp80\uploads, newImageNewName: 20220608_092013-o6c07
Return path: /uploads/20220608_092013-o6c07.webp
Failed to write image to C:/xampp8.2.4/htdocs/netzoneInspireThemephp80\uploads/chi-m-R1uiDu8vBh0-unsplash-v87hv.webp
Savedirectory: C:/xampp8.2.4/htdocs/netzoneInspireThemephp80\uploads, newImageNewName: chi-m-R1uiDu8vBh0-unsplash-v87hv
Return path: /uploads/chi-m-R1uiDu8vBh0-unsplash-v87hv.webp
Failed to write image to C:/xampp8.2.4/htdocs/netzoneInspireThemephp80\uploads/evan-dvorkin-YWDVrk4C6F0-unsplash-6b8zk.webp
Savedirectory: C:/xampp8.2.4/htdocs/netzoneInspireThemephp80\uploads, newImageNewName: evan-dvorkin-YWDVrk4C6F0-unsplash-6b8zk
Return path: /uploads/evan-dvorkin-YWDVrk4C6F0-unsplash-6b8zk.webp
Failed to write image to C:/xampp8.2.4/htdocs/netzoneInspireThemephp80\uploads/ialicante-mediterranean-homes-2d4lAQAlbDA-unsplash-44icl.webp
Savedirectory: C:/xampp8.2.4/htdocs/netzoneInspireThemephp80\uploads, newImageNewName: ialicante-mediterranean-homes-2d4lAQAlbDA-unsplash-44icl
Return path: /uploads/ialicante-mediterranean-homes-2d4lAQAlbDA-unsplash-44icl.webp
Failed to write image to C:/xampp8.2.4/htdocs/netzoneInspireThemephp80\uploads/kenny-timmer-vSO5TlG0sWc-unsplash-cngaj.webp
Savedirectory: C:/xampp8.2.4/htdocs/netzoneInspireThemephp80\uploads, newImageNewName: kenny-timmer-vSO5TlG0sWc-unsplash-cngaj
Return path: /uploads/kenny-timmer-vSO5TlG0sWc-unsplash-cngaj.webp
Failed to write image to C:/xampp8.2.4/htdocs/netzoneInspireThemephp80\uploads/rowan-heuvel-bjej8BY1JYQ-unsplash-m975t.webp
Savedirectory: C:/xampp8.2.4/htdocs/netzoneInspireThemephp80\uploads, newImageNewName: rowan-heuvel-bjej8BY1JYQ-unsplash-m975t
Return path: /uploads/rowan-heuvel-bjej8BY1JYQ-unsplash-m975t.webp
Failed to write image to C:/xampp8.2.4/htdocs/netzoneInspireThemephp80\uploads/rowan-heuvel-bjej8BY1JYQ-unsplash-oo6ru.webp
Savedirectory: C:/xampp8.2.4/htdocs/netzoneInspireThemephp80\uploads, newImageNewName: rowan-heuvel-bjej8BY1JYQ-unsplash-oo6ru
Return path: /uploads/rowan-heuvel-bjej8BY1JYQ-unsplash-oo6ru.webp
Failed to write image to C:/xampp8.2.4/htdocs/netzoneInspireThemephp80\uploads/rowan-heuvel-bjej8BY1JYQ-unsplash-szflp.webp
Savedirectory: C:/xampp8.2.4/htdocs/netzoneInspireThemephp80\uploads, newImageNewName: rowan-heuvel-bjej8BY1JYQ-unsplash-szflp
Return path: /uploads/rowan-heuvel-bjej8BY1JYQ-unsplash-szflp.webp
Failed to write image to C:/xampp8.2.4/htdocs/netzoneInspireThemephp80\uploads/eric-nopanen-3skLpaOBlMw-unsplash-x6e0m.webp
Savedirectory: C:/xampp8.2.4/htdocs/netzoneInspireThemephp80\uploads, newImageNewName: eric-nopanen-3skLpaOBlMw-unsplash-x6e0m
Return path: /uploads/eric-nopanen-3skLpaOBlMw-unsplash-x6e0m.webp
Failed to write image to C:/xampp8.2.4/htdocs/netzoneInspireThemephp80\uploads/eric-nopanen-3skLpaOBlMw-unsplash-hnmgd.webp
Savedirectory: C:/xampp8.2.4/htdocs/netzoneInspireThemephp80\uploads, newImageNewName: eric-nopanen-3skLpaOBlMw-unsplash-hnmgd
Return path: /uploads/eric-nopanen-3skLpaOBlMw-unsplash-hnmgd.webp
Failed to write image to C:/xampp8.2.4/htdocs/netzoneInspireThemephp80\uploads/eric-nopanen-3skLpaOBlMw-unsplash-jh7da.webp
Savedirectory: C:/xampp8.2.4/htdocs/netzoneInspireThemephp80\uploads, newImageNewName: eric-nopanen-3skLpaOBlMw-unsplash-jh7da
Return path: /uploads/eric-nopanen-3skLpaOBlMw-unsplash-jh7da.webp
Failed to write image to C:/xampp8.2.4/htdocs/netzoneInspireThemephp80\uploads/eric-nopanen-3skLpaOBlMw-unsplash-gqqjl.webp
Savedirectory: C:/xampp8.2.4/htdocs/netzoneInspireThemephp80\uploads, newImageNewName: eric-nopanen-3skLpaOBlMw-unsplash-gqqjl
Return path: /uploads/eric-nopanen-3skLpaOBlMw-unsplash-gqqjl.webp
Failed to write image to C:/xampp8.2.4/htdocs/netzoneInspireThemephp80\uploads/eric-nopanen-3skLpaOBlMw-unsplash-oooee.webp
Savedirectory: C:/xampp8.2.4/htdocs/netzoneInspireThemephp80\uploads, newImageNewName: eric-nopanen-3skLpaOBlMw-unsplash-oooee
Return path: /uploads/eric-nopanen-3skLpaOBlMw-unsplash-oooee.webp
Failed to write image to C:/xampp8.2.4/htdocs/netzoneInspireThemephp80\uploads/jakob-dalbjorn-cuKJre3nyYc-unsplash-83xda.webp
Savedirectory: C:/xampp8.2.4/htdocs/netzoneInspireThemephp80\uploads, newImageNewName: jakob-dalbjorn-cuKJre3nyYc-unsplash-83xda
Return path: /uploads/jakob-dalbjorn-cuKJre3nyYc-unsplash-83xda.webp
Failed to write image to C:/xampp8.2.4/htdocs/netzoneInspireThemephp80\uploads/jakob-dalbjorn-cuKJre3nyYc-unsplash-o7ecr.webp
Savedirectory: C:/xampp8.2.4/htdocs/netzoneInspireThemephp80\uploads, newImageNewName: jakob-dalbjorn-cuKJre3nyYc-unsplash-o7ecr
Return path: /uploads/jakob-dalbjorn-cuKJre3nyYc-unsplash-o7ecr.webp
Failed to write image to C:/xampp8.2.4/htdocs/netzoneInspireThemephp80\uploads/jakob-dalbjorn-cuKJre3nyYc-unsplash-kufq0.webp
Savedirectory: C:/xampp8.2.4/htdocs/netzoneInspireThemephp80\uploads, newImageNewName: jakob-dalbjorn-cuKJre3nyYc-unsplash-kufq0
Return path: /uploads/jakob-dalbjorn-cuKJre3nyYc-unsplash-kufq0.webp
Failed to write image to C:/xampp8.2.4/htdocs/netzoneInspireThemephp80\uploads/rowan-heuvel-bjej8BY1JYQ-unsplash-4nf9q.webp
Savedirectory: C:/xampp8.2.4/htdocs/netzoneInspireThemephp80\uploads, newImageNewName: rowan-heuvel-bjej8BY1JYQ-unsplash-4nf9q
Return path: /uploads/rowan-heuvel-bjej8BY1JYQ-unsplash-4nf9q.webp
Failed to write image to C:/xampp8.2.4/htdocs/netzoneInspireThemephp80\uploads/eric-nopanen-3skLpaOBlMw-unsplash-goi2l.webp
Savedirectory: C:/xampp8.2.4/htdocs/netzoneInspireThemephp80\uploads, newImageNewName: eric-nopanen-3skLpaOBlMw-unsplash-goi2l
Return path: /uploads/eric-nopanen-3skLpaOBlMw-unsplash-goi2l.webp
Failed to write image to C:/xampp8.2.4/htdocs/netzoneInspireThemephp80\uploads/eric-nopanen-3skLpaOBlMw-unsplash-c1v16.webp
Savedirectory: C:/xampp8.2.4/htdocs/netzoneInspireThemephp80\uploads, newImageNewName: eric-nopanen-3skLpaOBlMw-unsplash-c1v16
Return path: /uploads/eric-nopanen-3skLpaOBlMw-unsplash-c1v16.webp
Failed to write image to C:/xampp8.2.4/htdocs/netzoneInspireThemephp80\uploads/eric-nopanen-3skLpaOBlMw-unsplash-wjp6c.webp
Savedirectory: C:/xampp8.2.4/htdocs/netzoneInspireThemephp80\uploads, newImageNewName: eric-nopanen-3skLpaOBlMw-unsplash-wjp6c
Return path: /uploads/eric-nopanen-3skLpaOBlMw-unsplash-wjp6c.webp
Failed to write image to C:/xampp8.2.4/htdocs/netzoneInspireThemephp80\uploads/jean-carlo-emer-v0BeWfENFaQ-unsplash-fj4r6.webp
Savedirectory: C:/xampp8.2.4/htdocs/netzoneInspireThemephp80\uploads, newImageNewName: jean-carlo-emer-v0BeWfENFaQ-unsplash-fj4r6
Return path: /uploads/jean-carlo-emer-v0BeWfENFaQ-unsplash-fj4r6.webp
Failed to write image to C:/xampp8.2.4/htdocs/netzoneInspireThemephp80\uploads/rowan-heuvel-bjej8BY1JYQ-unsplash-lwj6j.webp
Savedirectory: C:/xampp8.2.4/htdocs/netzoneInspireThemephp80\uploads, newImageNewName: rowan-heuvel-bjej8BY1JYQ-unsplash-lwj6j
Return path: /uploads/rowan-heuvel-bjej8BY1JYQ-unsplash-lwj6j.webp
Failed to write image to C:/xampp8.2.4/htdocs/netzoneInspireThemephp80\uploads/ialicante-mediterranean-homes-2d4lAQAlbDA-unsplash-w06d3.webp
Savedirectory: C:/xampp8.2.4/htdocs/netzoneInspireThemephp80\uploads, newImageNewName: ialicante-mediterranean-homes-2d4lAQAlbDA-unsplash-w06d3
Return path: /uploads/ialicante-mediterranean-homes-2d4lAQAlbDA-unsplash-w06d3.webp
Failed to write image to C:/xampp8.2.4/htdocs/netzoneInspireThemephp80\uploads/ialicante-mediterranean-homes-2d4lAQAlbDA-unsplash-ypfek.webp
Savedirectory: C:/xampp8.2.4/htdocs/netzoneInspireThemephp80\uploads, newImageNewName: ialicante-mediterranean-homes-2d4lAQAlbDA-unsplash-ypfek
Return path: /uploads/ialicante-mediterranean-homes-2d4lAQAlbDA-unsplash-ypfek.webp
Failed to write image to C:/xampp8.2.4/htdocs/netzoneInspireThemephp80\uploads/rowan-heuvel-bjej8BY1JYQ-unsplash-go9f0.webp
Savedirectory: C:/xampp8.2.4/htdocs/netzoneInspireThemephp80\uploads, newImageNewName: rowan-heuvel-bjej8BY1JYQ-unsplash-go9f0
Return path: /uploads/rowan-heuvel-bjej8BY1JYQ-unsplash-go9f0.webp
Failed to write image to C:/xampp8.2.4/htdocs/netzoneInspireThemephp80\uploads/rowan-heuvel-bjej8BY1JYQ-unsplash-rg2jk.webp
Savedirectory: C:/xampp8.2.4/htdocs/netzoneInspireThemephp80\uploads, newImageNewName: rowan-heuvel-bjej8BY1JYQ-unsplash-rg2jk
Return path: /uploads/rowan-heuvel-bjej8BY1JYQ-unsplash-rg2jk.webp
Failed to write image to C:/xampp8.2.4/htdocs/netzoneInspireThemephp80\uploads/chi-m-R1uiDu8vBh0-unsplash-ukzrp.webp
Savedirectory: C:/xampp8.2.4/htdocs/netzoneInspireThemephp80\uploads, newImageNewName: chi-m-R1uiDu8vBh0-unsplash-ukzrp
Return path: /uploads/chi-m-R1uiDu8vBh0-unsplash-ukzrp.webp
Failed to write image to C:/xampp8.2.4/htdocs/netzoneInspireThemephp80\uploads/ialicante-mediterranean-homes-2d4lAQAlbDA-unsplash-v8idn.webp
Savedirectory: C:/xampp8.2.4/htdocs/netzoneInspireThemephp80\uploads, newImageNewName: ialicante-mediterranean-homes-2d4lAQAlbDA-unsplash-v8idn
Return path: /uploads/ialicante-mediterranean-homes-2d4lAQAlbDA-unsplash-v8idn.webp
Failed to write image to C:/xampp8.2.4/htdocs/netzoneInspireThemephp80\uploads/jean-carlo-emer-v0BeWfENFaQ-unsplash-f9hsu.webp
Savedirectory: C:/xampp8.2.4/htdocs/netzoneInspireThemephp80\uploads, newImageNewName: jean-carlo-emer-v0BeWfENFaQ-unsplash-f9hsu
Return path: /uploads/jean-carlo-emer-v0BeWfENFaQ-unsplash-f9hsu.webp
Failed to write image to C:/xampp8.2.4/htdocs/netzoneInspireThemephp80\uploads/rowan-heuvel-bjej8BY1JYQ-unsplash-uchmc.webp
Savedirectory: C:/xampp8.2.4/htdocs/netzoneInspireThemephp80\uploads, newImageNewName: rowan-heuvel-bjej8BY1JYQ-unsplash-uchmc
Return path: /uploads/rowan-heuvel-bjej8BY1JYQ-unsplash-uchmc.webp
Failed to write image to C:/xampp8.2.4/htdocs/netzoneInspireThemephp80\uploads/taylor-simpson-_aOMsnxAL9A-unsplash-q3j0h.webp
Savedirectory: C:/xampp8.2.4/htdocs/netzoneInspireThemephp80\uploads, newImageNewName: taylor-simpson-_aOMsnxAL9A-unsplash-q3j0h
Return path: /uploads/taylor-simpson-_aOMsnxAL9A-unsplash-q3j0h.webp
Failed to write image to C:/xampp8.2.4/htdocs/netzoneInspireThemephp80\uploads/ialicante-mediterranean-homes-2d4lAQAlbDA-unsplash-39435.webp
Savedirectory: C:/xampp8.2.4/htdocs/netzoneInspireThemephp80\uploads, newImageNewName: ialicante-mediterranean-homes-2d4lAQAlbDA-unsplash-39435
Return path: /uploads/ialicante-mediterranean-homes-2d4lAQAlbDA-unsplash-39435.webp
Failed to write image to C:/xampp8.2.4/htdocs/netzoneInspireThemephp80\uploads/chi-m-R1uiDu8vBh0-unsplash-w2g0h.webp
Savedirectory: C:/xampp8.2.4/htdocs/netzoneInspireThemephp80\uploads, newImageNewName: chi-m-R1uiDu8vBh0-unsplash-w2g0h
Return path: /uploads/chi-m-R1uiDu8vBh0-unsplash-w2g0h.webp
Failed to write image to C:/xampp8.2.4/htdocs/netzoneInspireThemephp80\uploads/ialicante-mediterranean-homes-2d4lAQAlbDA-unsplash-gukqt.webp
Savedirectory: C:/xampp8.2.4/htdocs/netzoneInspireThemephp80\uploads, newImageNewName: ialicante-mediterranean-homes-2d4lAQAlbDA-unsplash-gukqt
Return path: /uploads/ialicante-mediterranean-homes-2d4lAQAlbDA-unsplash-gukqt.webp
Failed to write image to C:/xampp8.2.4/htdocs/netzoneInspireThemephp80\uploads/ialicante-mediterranean-homes-2d4lAQAlbDA-unsplash-e15bw.webp
Savedirectory: C:/xampp8.2.4/htdocs/netzoneInspireThemephp80\uploads, newImageNewName: ialicante-mediterranean-homes-2d4lAQAlbDA-unsplash-e15bw
Return path: /uploads/ialicante-mediterranean-homes-2d4lAQAlbDA-unsplash-e15bw.webp
Failed to write image to D:/xampp8.2/htdocs/netzoneInspireThemephp80\uploads/balis-best-restaurants-83n9j.webp
Savedirectory: D:/xampp8.2/htdocs/netzoneInspireThemephp80\uploads, newImageNewName: balis-best-restaurants-83n9j
Return path: /uploads/balis-best-restaurants-83n9j.webp
